// Jest Snapshot v1, https://goo.gl/fbAQLP

exports[`MarkerPopup should match snapshot 1`] = `
ShallowWrapper {
  "length": 1,
  Symbol(enzyme.__root__): [Circular],
  Symbol(enzyme.__unrendered__): <MapMarker
    lat={35}
    lng={-115}
    locationData={
      Object {
        "address": "123 Main St",
        "city": "My Town",
        "clubName": "My Club",
        "coords": Object {
          "lat": 35,
          "lng": -115,
        },
        "locationId": 123,
        "locationNotes": "here are some notes about this location",
        "phone": "(555) 555-5555",
        "state": "NV",
        "website": "https://mywebsite.com",
        "zip": "89023",
      }
    }
    markerType="meeting"
    meetingsAtLocation={
      Array [
        Object {
          "day": 1,
          "groupType": "aa",
          "hour": 12,
          "locationFk": 12,
          "meetingName": "My New Meeting",
          "meetingNotes": "Here are some notes for the meeting",
          "min": 0,
          "open": true,
          "type": "Big Book Study",
        },
      ]
    }
    selectLocation={[MockFunction]}
    selectedLocation={null}
  />,
  Symbol(enzyme.__renderer__): Object {
    "batchedUpdates": [Function],
    "getNode": [Function],
    "render": [Function],
    "simulateEvent": [Function],
    "unmount": [Function],
  },
  Symbol(enzyme.__node__): Object {
    "instance": null,
    "key": undefined,
    "nodeType": "class",
    "props": Object {
      "children": Array [
        <img
          src="triangle.jpg"
        />,
        <div
          className="popupWrapper"
        >
          <MarkerPopup
            locationData={
              Object {
                "address": "123 Main St",
                "city": "My Town",
                "clubName": "My Club",
                "coords": Object {
                  "lat": 35,
                  "lng": -115,
                },
                "locationId": 123,
                "locationNotes": "here are some notes about this location",
                "phone": "(555) 555-5555",
                "state": "NV",
                "website": "https://mywebsite.com",
                "zip": "89023",
              }
            }
            meetingsAtLocation={
              Array [
                Object {
                  "day": 1,
                  "groupType": "aa",
                  "hour": 12,
                  "locationFk": 12,
                  "meetingName": "My New Meeting",
                  "meetingNotes": "Here are some notes for the meeting",
                  "min": 0,
                  "open": true,
                  "type": "Big Book Study",
                },
              ]
            }
          />
        </div>,
      ],
      "className": "",
      "onClick": [Function],
    },
    "ref": null,
    "rendered": Array [
      Object {
        "instance": null,
        "key": undefined,
        "nodeType": "host",
        "props": Object {
          "src": "triangle.jpg",
        },
        "ref": null,
        "rendered": null,
        "type": "img",
      },
      Object {
        "instance": null,
        "key": undefined,
        "nodeType": "host",
        "props": Object {
          "children": <MarkerPopup
            locationData={
              Object {
                "address": "123 Main St",
                "city": "My Town",
                "clubName": "My Club",
                "coords": Object {
                  "lat": 35,
                  "lng": -115,
                },
                "locationId": 123,
                "locationNotes": "here are some notes about this location",
                "phone": "(555) 555-5555",
                "state": "NV",
                "website": "https://mywebsite.com",
                "zip": "89023",
              }
            }
            meetingsAtLocation={
              Array [
                Object {
                  "day": 1,
                  "groupType": "aa",
                  "hour": 12,
                  "locationFk": 12,
                  "meetingName": "My New Meeting",
                  "meetingNotes": "Here are some notes for the meeting",
                  "min": 0,
                  "open": true,
                  "type": "Big Book Study",
                },
              ]
            }
          />,
          "className": "popupWrapper",
        },
        "ref": null,
        "rendered": Object {
          "instance": null,
          "key": undefined,
          "nodeType": "function",
          "props": Object {
            "locationData": Object {
              "address": "123 Main St",
              "city": "My Town",
              "clubName": "My Club",
              "coords": Object {
                "lat": 35,
                "lng": -115,
              },
              "locationId": 123,
              "locationNotes": "here are some notes about this location",
              "phone": "(555) 555-5555",
              "state": "NV",
              "website": "https://mywebsite.com",
              "zip": "89023",
            },
            "meetingsAtLocation": Array [
              Object {
                "day": 1,
                "groupType": "aa",
                "hour": 12,
                "locationFk": 12,
                "meetingName": "My New Meeting",
                "meetingNotes": "Here are some notes for the meeting",
                "min": 0,
                "open": true,
                "type": "Big Book Study",
              },
            ],
          },
          "ref": null,
          "rendered": null,
          "type": [Function],
        },
        "type": "div",
      },
    ],
    "type": [Function],
  },
  Symbol(enzyme.__nodes__): Array [
    Object {
      "instance": null,
      "key": undefined,
      "nodeType": "class",
      "props": Object {
        "children": Array [
          <img
            src="triangle.jpg"
          />,
          <div
            className="popupWrapper"
          >
            <MarkerPopup
              locationData={
                Object {
                  "address": "123 Main St",
                  "city": "My Town",
                  "clubName": "My Club",
                  "coords": Object {
                    "lat": 35,
                    "lng": -115,
                  },
                  "locationId": 123,
                  "locationNotes": "here are some notes about this location",
                  "phone": "(555) 555-5555",
                  "state": "NV",
                  "website": "https://mywebsite.com",
                  "zip": "89023",
                }
              }
              meetingsAtLocation={
                Array [
                  Object {
                    "day": 1,
                    "groupType": "aa",
                    "hour": 12,
                    "locationFk": 12,
                    "meetingName": "My New Meeting",
                    "meetingNotes": "Here are some notes for the meeting",
                    "min": 0,
                    "open": true,
                    "type": "Big Book Study",
                  },
                ]
              }
            />
          </div>,
        ],
        "className": "",
        "onClick": [Function],
      },
      "ref": null,
      "rendered": Array [
        Object {
          "instance": null,
          "key": undefined,
          "nodeType": "host",
          "props": Object {
            "src": "triangle.jpg",
          },
          "ref": null,
          "rendered": null,
          "type": "img",
        },
        Object {
          "instance": null,
          "key": undefined,
          "nodeType": "host",
          "props": Object {
            "children": <MarkerPopup
              locationData={
                Object {
                  "address": "123 Main St",
                  "city": "My Town",
                  "clubName": "My Club",
                  "coords": Object {
                    "lat": 35,
                    "lng": -115,
                  },
                  "locationId": 123,
                  "locationNotes": "here are some notes about this location",
                  "phone": "(555) 555-5555",
                  "state": "NV",
                  "website": "https://mywebsite.com",
                  "zip": "89023",
                }
              }
              meetingsAtLocation={
                Array [
                  Object {
                    "day": 1,
                    "groupType": "aa",
                    "hour": 12,
                    "locationFk": 12,
                    "meetingName": "My New Meeting",
                    "meetingNotes": "Here are some notes for the meeting",
                    "min": 0,
                    "open": true,
                    "type": "Big Book Study",
                  },
                ]
              }
            />,
            "className": "popupWrapper",
          },
          "ref": null,
          "rendered": Object {
            "instance": null,
            "key": undefined,
            "nodeType": "function",
            "props": Object {
              "locationData": Object {
                "address": "123 Main St",
                "city": "My Town",
                "clubName": "My Club",
                "coords": Object {
                  "lat": 35,
                  "lng": -115,
                },
                "locationId": 123,
                "locationNotes": "here are some notes about this location",
                "phone": "(555) 555-5555",
                "state": "NV",
                "website": "https://mywebsite.com",
                "zip": "89023",
              },
              "meetingsAtLocation": Array [
                Object {
                  "day": 1,
                  "groupType": "aa",
                  "hour": 12,
                  "locationFk": 12,
                  "meetingName": "My New Meeting",
                  "meetingNotes": "Here are some notes for the meeting",
                  "min": 0,
                  "open": true,
                  "type": "Big Book Study",
                },
              ],
            },
            "ref": null,
            "rendered": null,
            "type": [Function],
          },
          "type": "div",
        },
      ],
      "type": [Function],
    },
  ],
  Symbol(enzyme.__options__): Object {
    "adapter": ReactSixteenAdapter {
      "options": Object {
        "enableComponentDidUpdateOnSetState": true,
      },
    },
  },
}
`;
